src/agents/enhanced-seam-analyzer.ts(79,9): error TS2345: Argument of type 'string[]' is not assignable to parameter of type 'ComponentCandidate[]'.
  Type 'string' is not assignable to type 'ComponentCandidate'.
src/agents/enhanced-seam-analyzer.ts(93,22): error TS2339: Property 'sourceComponent' does not exist on type 'ValidatedInteraction'.
src/agents/enhanced-seam-analyzer.ts(94,22): error TS2339: Property 'targetComponent' does not exist on type 'ValidatedInteraction'.
src/agents/enhanced-seam-analyzer.ts(96,16): error TS2551: Property 'interactionType' does not exist on type 'ValidatedInteraction'. Did you mean 'interaction'?
src/agents/enhanced-seam-analyzer.ts(106,11): error TS2322: Type '{ source: any; target: any; interactionType: InteractionType; frequency: "medium"; contractRequired: boolean; }[]' is not assignable to type 'ComponentInteraction[]'.
  Type '{ source: any; target: any; interactionType: InteractionType; frequency: "medium"; contractRequired: boolean; }' is missing the following properties from type 'ComponentInteraction': from, to
src/agents/enhanced-seam-analyzer.ts(112,48): error TS2339: Property 'patternDetected' does not exist on type 'ValidatedInteraction'.
src/agents/enhanced-seam-analyzer.ts(113,31): error TS2339: Property 'patternDetected' does not exist on type 'ValidatedInteraction'.
src/agents/enhanced-seam-analyzer.ts(184,36): error TS2339: Property 'processingTimeMs' does not exist on type 'InteractionMatrix'.
src/agents/enhanced-seam-analyzer.ts(207,29): error TS2552: Cannot find name 'DataFlowAnalysis'. Did you mean 'DataFlowAnalysisInput'?
src/agents/enhanced-seam-analyzer.ts(253,29): error TS2552: Cannot find name 'SeamValidationResult'. Did you mean 'SeamValidationInput'?
src/agents/enhanced-seam-analyzer.ts(319,7): error TS2322: Type 'string[]' is not assignable to type 'CrossCuttingConcern[]'.
  Type 'string' is not assignable to type 'CrossCuttingConcern'.
src/agents/enhanced-seam-analyzer.ts(369,7): error TS2353: Object literal may only specify known properties, and 'interactions' does not exist in type 'InteractionMatrix'.
src/agents/enhanced-seam-analyzer.ts(381,14): error TS2552: Cannot find name 'DataFlowAnalysis'. Did you mean 'DataFlowAnalysisInput'?
src/agents/enhanced-seam-analyzer.ts(407,14): error TS2552: Cannot find name 'SeamValidationResult'. Did you mean 'SeamValidationInput'?
src/agents/enhanced-seam-analyzer.ts(432,11): error TS2393: Duplicate function implementation.
src/agents/enhanced-seam-analyzer.ts(504,11): error TS7034: Variable 'patterns' implicitly has type 'any[]' in some locations where its type cannot be determined.
src/agents/enhanced-seam-analyzer.ts(524,12): error TS7005: Variable 'patterns' implicitly has an 'any[]' type.
src/agents/enhanced-seam-analyzer.ts(529,11): error TS7034: Variable 'concerns' implicitly has type 'any[]' in some locations where its type cannot be determined.
src/agents/enhanced-seam-analyzer.ts(548,12): error TS7005: Variable 'concerns' implicitly has an 'any[]' type.
src/agents/enhanced-seam-analyzer.ts(552,11): error TS2393: Duplicate function implementation.
src/agents/enhanced-seam-analyzer.ts(572,11): error TS2393: Duplicate function implementation.
src/agents/enhanced-seam-analyzer.ts(686,11): error TS7034: Variable 'flows' implicitly has type 'any[]' in some locations where its type cannot be determined.
src/agents/enhanced-seam-analyzer.ts(708,12): error TS7005: Variable 'flows' implicitly has an 'any[]' type.
src/agents/enhanced-seam-analyzer.ts(725,11): error TS7034: Variable 'bottlenecks' implicitly has type 'any[]' in some locations where its type cannot be determined.
src/agents/enhanced-seam-analyzer.ts(733,12): error TS7005: Variable 'bottlenecks' implicitly has an 'any[]' type.
src/agents/enhanced-seam-analyzer.ts(806,7): error TS2322: Type '"synchronous"' is not assignable to type 'InteractionType'.
src/agents/enhanced-seam-analyzer.ts(811,7): error TS2322: Type '"asynchronous"' is not assignable to type 'InteractionType'.
src/agents/enhanced-seam-analyzer.ts(812,55): error TS2322: Type '"event-driven"' is not assignable to type 'InteractionType'.
src/agents/enhanced-seam-analyzer.ts(813,5): error TS2322: Type '"synchronous"' is not assignable to type 'InteractionType'.
src/agents/enhanced-seam-analyzer.ts(816,17): error TS2393: Duplicate function implementation.
src/agents/enhanced-seam-analyzer.ts(948,15): error TS2353: Object literal may only specify known properties, and 'confidence' does not exist in type 'ComponentCandidate'.
src/agents/enhanced-seam-analyzer.ts(969,31): error TS2339: Property 'extractedFrom' does not exist on type 'ComponentCandidate'.
src/agents/enhanced-seam-analyzer.ts(1035,19): error TS2353: Object literal may only specify known properties, and 'sourceComponent' does not exist in type 'PotentialInteraction'.
src/agents/enhanced-seam-analyzer.ts(1056,19): error TS2339: Property 'sourceComponent' does not exist on type 'PotentialInteraction'.
src/agents/enhanced-seam-analyzer.ts(1056,67): error TS2339: Property 'interactionType' does not exist on type 'PotentialInteraction'.
src/agents/enhanced-seam-analyzer.ts(1074,23): error TS2339: Property 'interactionType' does not exist on type 'PotentialInteraction'.
src/agents/enhanced-seam-analyzer.ts(1079,23): error TS2339: Property 'interactionType' does not exist on type 'PotentialInteraction'.
src/agents/enhanced-seam-analyzer.ts(1085,9): error TS2353: Object literal may only specify known properties, and 'sourceComponent' does not exist in type 'ValidatedInteraction'.
src/agents/enhanced-seam-analyzer.ts(1085,38): error TS2339: Property 'sourceComponent' does not exist on type 'PotentialInteraction'.
src/agents/enhanced-seam-analyzer.ts(1087,38): error TS2339: Property 'interactionType' does not exist on type 'PotentialInteraction'.
src/agents/enhanced-seam-analyzer.ts(1104,48): error TS2551: Property 'interactionType' does not exist on type 'ValidatedInteraction'. Did you mean 'interaction'?
src/agents/enhanced-seam-analyzer.ts(1122,24): error TS2339: Property 'sourceComponent' does not exist on type 'ValidatedInteraction'.
src/agents/enhanced-seam-analyzer.ts(1122,55): error TS2339: Property 'targetComponent' does not exist on type 'ValidatedInteraction'.
src/agents/enhanced-seam-analyzer.ts(1122,86): error TS2551: Property 'interactionType' does not exist on type 'ValidatedInteraction'. Did you mean 'interaction'?
src/agents/enhanced-seam-analyzer.ts(1129,23): error TS2339: Property 'sourceComponent' does not exist on type 'ValidatedInteraction'.
src/agents/enhanced-seam-analyzer.ts(1130,23): error TS2339: Property 'targetComponent' does not exist on type 'ValidatedInteraction'.
src/agents/enhanced-seam-analyzer.ts(1133,33): error TS2551: Property 'interactionType' does not exist on type 'ValidatedInteraction'. Did you mean 'interaction'?
src/agents/enhanced-seam-analyzer.ts(1133,84): error TS2339: Property 'sourceComponent' does not exist on type 'ValidatedInteraction'.
src/agents/enhanced-seam-analyzer.ts(1133,119): error TS2339: Property 'targetComponent' does not exist on type 'ValidatedInteraction'.
src/agents/enhanced-seam-analyzer.ts(1140,11): error TS2393: Duplicate function implementation.
src/agents/enhanced-seam-analyzer.ts(1148,11): error TS2393: Duplicate function implementation.
src/agents/enhanced-seam-analyzer.ts(1156,9): error TS2353: Object literal may only specify known properties, and 'id' does not exist in type 'SeamRecommendation'.
src/agents/enhanced-seam-analyzer.ts(1165,7): error TS2353: Object literal may only specify known properties, and 'id' does not exist in type 'SeamRecommendation'.
src/agents/mcp-tool-registry.ts(11,3): error TS2305: Module '"../contracts.js"' has no exported member 'RegisteredTool'.
src/agents/mcp-tool-registry.ts(12,3): error TS2305: Module '"../contracts.js"' has no exported member 'ToolRegistration'.
src/agents/mcp-tool-registry.ts(13,3): error TS2724: '"../contracts.js"' has no exported member named 'ValidationError'. Did you mean 'SeamValidationError'?
src/agents/mcp-tool-registry.ts(14,3): error TS2724: '"../contracts.js"' has no exported member named 'ValidationResult'. Did you mean 'SeamValidationResult'?
src/agents/mcp-tool-registry.ts(20,14): error TS2420: Class 'EnhancedMCPToolRegistry' incorrectly implements interface 'IMCPToolRegistry'.
  Type 'EnhancedMCPToolRegistry' is missing the following properties from type 'IMCPToolRegistry': registerTool, getTool, listTools
src/agents/mcp-tool-registry.ts(312,40): error TS2345: Argument of type 'Error' is not assignable to parameter of type 'string'.
src/agents/mcp-tool-registry.ts(324,11): error TS2345: Argument of type 'string' is not assignable to parameter of type 'Record<string, any>'.
src/agents/mcp-tool-registry.ts(347,13): error TS2345: Argument of type 'string' is not assignable to parameter of type 'Record<string, any>'.
src/agents/mcp-tool-registry.ts(360,13): error TS2345: Argument of type 'string' is not assignable to parameter of type 'Record<string, any>'.
src/agents/mcp-tool-registry.ts(397,40): error TS2345: Argument of type 'Error' is not assignable to parameter of type 'string'.
src/agents/mcp-tool-registry.ts(410,11): error TS2345: Argument of type 'string' is not assignable to parameter of type 'Record<string, any>'.
src/agents/mcp-tool-registry.ts(433,13): error TS2345: Argument of type 'string' is not assignable to parameter of type 'Record<string, any>'.
src/agents/mcp-tool-registry.ts(446,13): error TS2345: Argument of type 'string' is not assignable to parameter of type 'Record<string, any>'.
src/agents/mcp-tool-registry.ts(458,13): error TS2345: Argument of type 'string' is not assignable to parameter of type 'Record<string, any>'.
src/agents/mcp-tool-registry.ts(472,21): error TS7006: Parameter 'e' implicitly has an 'any' type.
src/agents/mcp-tool-registry.ts(474,13): error TS2345: Argument of type 'string' is not assignable to parameter of type 'Record<string, any>'.
src/agents/mcp-tool-registry.ts(497,40): error TS2345: Argument of type 'Error' is not assignable to parameter of type 'string'.
src/agents/mcp-tool-registry.ts(510,11): error TS2345: Argument of type 'string' is not assignable to parameter of type 'Record<string, any>'.
src/agents/mcp-tool-registry.ts(534,40): error TS2345: Argument of type 'Error' is not assignable to parameter of type 'string'.
src/agents/mcp-tool-registry.ts(546,11): error TS2345: Argument of type 'string' is not assignable to parameter of type 'Record<string, any>'.
src/agents/mcp-tool-registry.ts(579,40): error TS2345: Argument of type 'Error' is not assignable to parameter of type 'string'.
src/agents/mcp-tool-registry.ts(591,11): error TS2345: Argument of type 'string' is not assignable to parameter of type 'Record<string, any>'.
src/agents/sdd-analyzer-simple.ts(20,3): error TS2416: Property 'analyzeRequirements' in type 'SDDAnalyzer' is not assignable to the same property in base type 'SDDFunctionContract'.
  Type '(prd: string) => ContractResult<{ name: string; participants: string[]; dataFlow: "IN" | "OUT" | "BOTH"; purpose: string; contractInterface: string; }[]>' is not assignable to type '(prd: string) => Promise<ContractResult<{ name: string; participants: string[]; dataFlow: "IN" | "OUT" | "BOTH"; purpose: string; contractInterface: string; }[]>>'.
    Type 'ContractResult<{ name: string; participants: string[]; dataFlow: "IN" | "OUT" | "BOTH"; purpose: string; contractInterface: string; }[]>' is missing the following properties from type 'Promise<ContractResult<{ name: string; participants: string[]; dataFlow: "IN" | "OUT" | "BOTH"; purpose: string; contractInterface: string; }[]>>': then, catch, finally, [Symbol.toStringTag]
src/agents/sdd-analyzer-simple.ts(56,9): error TS2353: Object literal may only specify known properties, and 'agentId' does not exist in type 'ContractResult<{ name: string; participants: string[]; dataFlow: "IN" | "OUT" | "BOTH"; purpose: string; contractInterface: string; }[]>'.
src/agents/sdd-analyzer-simple.ts(62,9): error TS2322: Type 'string' is not assignable to type 'SDDError'.
src/agents/sdd-analyzer-simple.ts(69,3): error TS2416: Property 'generateContract' in type 'SDDAnalyzer' is not assignable to the same property in base type 'SDDFunctionContract'.
  Type '(seam: { name: string; participants: string[]; dataFlow: "IN" | "OUT" | "BOTH"; purpose: string; contractInterface: string; }) => ContractResult<ContractGenerationResult>' is not assignable to type '(seam: { name: string; participants: string[]; dataFlow: "IN" | "OUT" | "BOTH"; purpose: string; contractInterface: string; }) => Promise<ContractResult<ContractGenerationResult>>'.
    Type 'ContractResult<ContractGenerationResult>' is missing the following properties from type 'Promise<ContractResult<ContractGenerationResult>>': then, catch, finally, [Symbol.toStringTag]
src/agents/sdd-analyzer-simple.ts(93,13): error TS2741: Property 'fileName' is missing in type '{ contractCode: string; blueprintComments: string; typeAliases: string[]; agentId: string; testTemplate: string; }' but required in type 'ContractGenerationResult'.
src/agents/sdd-analyzer-simple.ts(110,9): error TS2353: Object literal may only specify known properties, and 'agentId' does not exist in type 'ContractResult<ContractGenerationResult>'.
src/agents/sdd-analyzer-simple.ts(116,9): error TS2322: Type 'string' is not assignable to type 'SDDError'.
src/agents/sdd-analyzer-simple.ts(123,3): error TS2416: Property 'createStub' in type 'SDDAnalyzer' is not assignable to the same property in base type 'SDDFunctionContract'.
  Type '(contract: ContractGenerationResult) => ContractResult<StubGenerationResult>' is not assignable to type '(contract: ContractGenerationResult) => Promise<ContractResult<StubGenerationResult>>'.
    Type 'ContractResult<StubGenerationResult>' is missing the following properties from type 'Promise<ContractResult<StubGenerationResult>>': then, catch, finally, [Symbol.toStringTag]
src/agents/sdd-analyzer-simple.ts(163,9): error TS2353: Object literal may only specify known properties, and 'agentId' does not exist in type 'ContractResult<StubGenerationResult>'.
src/agents/sdd-analyzer-simple.ts(169,9): error TS2322: Type 'string' is not assignable to type 'SDDError'.
src/agents/sdd-analyzer-simple.ts(176,3): error TS2416: Property 'orchestrateWorkflow' in type 'SDDAnalyzer' is not assignable to the same property in base type 'SDDFunctionContract'.
  Type '(prd: string) => ContractResult<ProjectStructure>' is not assignable to type '(prd: string) => Promise<ContractResult<ProjectStructure>>'.
    Type 'ContractResult<ProjectStructure>' is missing the following properties from type 'Promise<ContractResult<ProjectStructure>>': then, catch, finally, [Symbol.toStringTag]
src/agents/sdd-analyzer-simple.ts(185,11): error TS2322: Type 'string' is not assignable to type 'SDDError'.
src/agents/sdd-analyzer-simple.ts(201,13): error TS2322: Type 'string' is not assignable to type 'SDDError'.
src/agents/sdd-analyzer-simple.ts(211,13): error TS2322: Type 'string' is not assignable to type 'SDDError'.
src/agents/sdd-analyzer-simple.ts(245,9): error TS2353: Object literal may only specify known properties, and 'agentId' does not exist in type 'ContractResult<ProjectStructure>'.
src/agents/sdd-analyzer-simple.ts(251,9): error TS2322: Type 'string' is not assignable to type 'SDDError'.
src/agents/sdd-analyzer-simple.ts(258,3): error TS2416: Property 'validateProject' in type 'SDDAnalyzer' is not assignable to the same property in base type 'SDDFunctionContract'.
  Type '(structure: ProjectStructure) => ContractResult<ValidationReport>' is not assignable to type '(structure: ProjectStructure) => Promise<ContractResult<ValidationReport>>'.
    Type 'ContractResult<ValidationReport>' is missing the following properties from type 'Promise<ContractResult<ValidationReport>>': then, catch, finally, [Symbol.toStringTag]
src/agents/sdd-analyzer-simple.ts(316,9): error TS2353: Object literal may only specify known properties, and 'agentId' does not exist in type 'ContractResult<ValidationReport>'.
src/agents/sdd-analyzer-simple.ts(322,9): error TS2322: Type 'string' is not assignable to type 'SDDError'.
src/agents/template-processor.ts(41,11): error TS2322: Type 'string' is not assignable to type 'SDDError'.
src/agents/template-processor.ts(58,11): error TS2353: Object literal may only specify known properties, and 'agentId' does not exist in type 'ContractResult<string>'.
src/agents/template-processor.ts(77,11): error TS2353: Object literal may only specify known properties, and 'agentId' does not exist in type 'ContractResult<string>'.
src/agents/template-processor.ts(89,11): error TS2322: Type 'string' is not assignable to type 'SDDError'.
src/agents/template-processor.ts(110,9): error TS2322: Type 'string' is not assignable to type 'SDDError'.
src/agents/template-processor.ts(128,11): error TS2322: Type 'string' is not assignable to type 'SDDError'.
src/agents/template-processor.ts(145,13): error TS2353: Object literal may only specify known properties, and 'agentId' does not exist in type 'ContractResult<string>'.
src/agents/template-processor.ts(166,9): error TS2353: Object literal may only specify known properties, and 'agentId' does not exist in type 'ContractResult<string>'.
src/agents/template-processor.ts(185,9): error TS2322: Type 'string' is not assignable to type 'SDDError'.
src/agents/template-processor.ts(230,9): error TS2322: Type 'string | undefined' is not assignable to type 'SDDError | undefined'.
  Type 'string' is not assignable to type 'SDDError'.
src/agents/template-processor.ts(249,9): error TS2322: Type 'string' is not assignable to type 'SDDError'.
src/agents/template-processor.ts(270,11): error TS2322: Type 'string' is not assignable to type 'SDDError'.
src/agents/template-processor.ts(283,9): error TS2353: Object literal may only specify known properties, and 'agentId' does not exist in type 'ContractResult<void>'.
src/agents/template-processor.ts(301,9): error TS2322: Type 'string' is not assignable to type 'SDDError'.
src/agents/template-processor.ts(454,9): error TS2322: Type 'string | undefined' is not assignable to type 'SDDError | undefined'.
  Type 'string' is not assignable to type 'SDDError'.
src/agents/template-processor.ts(463,9): error TS2322: Type 'string' is not assignable to type 'SDDError'.
src/agents/validation-engine.ts(45,11): error TS2353: Object literal may only specify known properties, and 'agentId' does not exist in type 'ContractResult<unknown>'.
src/agents/validation-engine.ts(62,11): error TS2322: Type 'string' is not assignable to type 'SDDError'.
src/agents/validation-engine.ts(83,9): error TS2322: Type 'string' is not assignable to type 'SDDError'.
src/agents/validation-engine.ts(145,9): error TS2353: Object literal may only specify known properties, and 'agentId' does not exist in type 'ContractResult<ComplianceReport>'.
src/agents/validation-engine.ts(164,9): error TS2322: Type 'string' is not assignable to type 'SDDError'.
src/agents/validation-engine.ts(230,9): error TS2353: Object literal may only specify known properties, and 'agentId' does not exist in type 'ContractResult<HealthReport>'.
src/agents/validation-engine.ts(252,9): error TS2322: Type 'string' is not assignable to type 'SDDError'.
src/agents/validation-engine.ts(312,9): error TS2353: Object literal may only specify known properties, and 'agentId' does not exist in type 'ContractResult<PatternReport>'.
src/agents/validation-engine.ts(331,9): error TS2322: Type 'string' is not assignable to type 'SDDError'.
src/agents/validation-engine.ts(582,9): error TS2322: Type 'string | undefined' is not assignable to type 'SDDError | undefined'.
  Type 'string' is not assignable to type 'SDDError'.
src/agents/validation-engine.ts(589,9): error TS2322: Type 'string' is not assignable to type 'SDDError'.
src/index.ts(707,5): error TS2304: Cannot find name 'cn'.
src/index.ts(952,7): error TS2345: Argument of type '{ requirementsText: string; designNotes: string | undefined; analysisDepth: "detailed"; focusAreas: readonly ["data_flows", "integrations", "dependencies"]; }' is not assignable to parameter of type 'SeamAnalysisInput'.
  Types of property 'focusAreas' are incompatible.
    The type 'readonly ["data_flows", "integrations", "dependencies"]' is 'readonly' and cannot be assigned to the mutable type '("data_flows" | "integrations" | "cross_cutting" | "dependencies")[]'.
src/index.ts(1573,26): error TS2339: Property 'confidence' does not exist on type '{ name: string; participants: string[]; dataFlow: "IN" | "OUT" | "BOTH"; purpose: string; contractInterface: string; }'.
src/index.ts(1579,35): error TS2339: Property 'confidenceScore' does not exist on type 'EnhancedSeamAnalysis'.
src/index.ts(1580,34): error TS2339: Property 'patternMatches' does not exist on type 'EnhancedSeamAnalysis'.
src/index.ts(1633,38): error TS2339: Property 'components' does not exist on type 'InteractionMatrix'.
src/index.ts(1636,15): error TS2339: Property 'interactions' does not exist on type 'InteractionMatrix'.
src/index.ts(1638,6): error TS7006: Parameter 'interaction' implicitly has an 'any' type.
src/index.ts(1700,26): error TS2339: Property 'dataFlows' does not exist on type 'DataFlowAnalysis'.
src/index.ts(1703,15): error TS2339: Property 'dataFlows' does not exist on type 'DataFlowAnalysis'.
src/index.ts(1705,6): error TS7006: Parameter 'flow' implicitly has an 'any' type.
src/index.ts(1719,18): error TS2339: Property 'location' does not exist on type 'string'.
src/index.ts(1719,44): error TS2339: Property 'reason' does not exist on type 'string'.
src/index.ts(1720,28): error TS2339: Property 'severity' does not exist on type 'string'.
src/index.ts(1721,26): error TS2339: Property 'impact' does not exist on type 'string'.
src/index.ts(1729,15): error TS2339: Property 'optimizationRecommendations' does not exist on type 'DataFlowAnalysis'.
src/index.ts(1730,12): error TS7006: Parameter 'rec' implicitly has an 'any' type.
src/index.ts(1784,27): error TS2551: Property 'validatedSeams' does not exist on type 'SeamValidationResult'. Did you mean 'validSeams'?
src/index.ts(1787,15): error TS2551: Property 'validatedSeams' does not exist on type 'SeamValidationResult'. Did you mean 'validSeams'?
src/index.ts(1789,6): error TS7006: Parameter 'seam' implicitly has an 'any' type.
src/index.ts(1797,38): error TS2339: Property 'overallReadiness' does not exist on type 'SeamValidationResult'.
src/index.ts(1801,15): error TS2339: Property 'missingRequirements' does not exist on type 'SeamValidationResult'.
src/index.ts(1801,41): error TS7006: Parameter 'req' implicitly has an 'any' type.
src/seams.ts(80,5): error TS2322: Type 'string | undefined' is not assignable to type 'SDDError | undefined'.
  Type 'string' is not assignable to type 'SDDError'.
src/seams.ts(81,5): error TS2741: Property 'agentId' is missing in type '{ seamName: string; sourceAgent: string; targetAgent: string; timestamp: string; }' but required in type '{ [key: string]: any; agentId: string; timestamp: string; requestId?: string | undefined; processingTimeMs?: number | undefined; seamName?: string | undefined; }'.
src/seams.ts(102,5): error TS2322: Type 'string' is not assignable to type 'SDDError'.
src/seams.ts(103,5): error TS2741: Property 'agentId' is missing in type '{ seamName: string; sourceAgent: string; targetAgent: string; timestamp: string; }' but required in type '{ [key: string]: any; agentId: string; timestamp: string; requestId?: string | undefined; processingTimeMs?: number | undefined; seamName?: string | undefined; }'.
src/seams.ts(137,9): error TS2322: Type 'string' is not assignable to type 'SDDError'.
src/seams.ts(140,9): error TS2741: Property 'agentId' is missing in type '{ seamName: string; sourceAgent: string; targetAgent: string; timestamp: string; }' but required in type '{ [key: string]: any; agentId: string; timestamp: string; requestId?: string | undefined; processingTimeMs?: number | undefined; seamName?: string | undefined; }'.
src/seams.ts(196,7): error TS2322: Type 'ContractResult<undefined>' is not assignable to type 'ContractResult<ServerHealth>'.
  Type 'undefined' is not assignable to type 'ServerHealth'.
src/seams.ts(229,7): error TS2322: Type 'ContractResult<undefined>' is not assignable to type 'ContractResult<{ name: string; participants: string[]; dataFlow: "IN" | "OUT" | "BOTH"; purpose: string; contractInterface: string; }[]>'.
  Type 'undefined' is not assignable to type '{ name: string; participants: string[]; dataFlow: "IN" | "OUT" | "BOTH"; purpose: string; contractInterface: string; }[]'.
src/seams.ts(237,7): error TS2322: Type 'ContractResult<undefined>' is not assignable to type 'ContractResult<{ name: string; participants: string[]; dataFlow: "IN" | "OUT" | "BOTH"; purpose: string; contractInterface: string; }[]>'.
  Type 'undefined' is not assignable to type '{ name: string; participants: string[]; dataFlow: "IN" | "OUT" | "BOTH"; purpose: string; contractInterface: string; }[]'.
src/seams.ts(258,7): error TS2322: Type 'ContractResult<undefined>' is not assignable to type 'ContractResult<ContractGenerationResult>'.
  Type 'undefined' is not assignable to type 'ContractGenerationResult'.
src/seams.ts(266,7): error TS2322: Type 'ContractResult<undefined>' is not assignable to type 'ContractResult<ContractGenerationResult>'.
  Type 'undefined' is not assignable to type 'ContractGenerationResult'.
src/seams.ts(287,7): error TS2322: Type 'ContractResult<undefined>' is not assignable to type 'ContractResult<ProjectStructure>'.
  Type 'undefined' is not assignable to type 'ProjectStructure'.
src/seams.ts(295,7): error TS2322: Type 'ContractResult<undefined>' is not assignable to type 'ContractResult<ProjectStructure>'.
  Type 'undefined' is not assignable to type 'ProjectStructure'.
src/seams.ts(332,7): error TS2322: Type 'ContractResult<undefined>' is not assignable to type 'ContractResult<string>'.
  Type 'undefined' is not assignable to type 'string'.
src/seams.ts(340,7): error TS2322: Type 'ContractResult<undefined>' is not assignable to type 'ContractResult<string>'.
  Type 'undefined' is not assignable to type 'string'.
src/seams.ts(362,7): error TS2322: Type 'ContractResult<undefined>' is not assignable to type 'ContractResult<string>'.
  Type 'undefined' is not assignable to type 'string'.
src/seams.ts(370,7): error TS2322: Type 'ContractResult<undefined>' is not assignable to type 'ContractResult<string>'.
  Type 'undefined' is not assignable to type 'string'.
src/seams.ts(437,7): error TS2322: Type 'ContractResult<undefined>' is not assignable to type 'ContractResult<ComplianceReport>'.
  Type 'undefined' is not assignable to type 'ComplianceReport'.
src/seams.ts(445,7): error TS2322: Type 'ContractResult<undefined>' is not assignable to type 'ContractResult<ComplianceReport>'.
  Type 'undefined' is not assignable to type 'ComplianceReport'.
src/seams.ts(466,7): error TS2322: Type 'ContractResult<undefined>' is not assignable to type 'ContractResult<HealthReport>'.
  Type 'undefined' is not assignable to type 'HealthReport'.
src/seams.ts(474,7): error TS2322: Type 'ContractResult<undefined>' is not assignable to type 'ContractResult<HealthReport>'.
  Type 'undefined' is not assignable to type 'HealthReport'.
src/seams.ts(552,7): error TS2322: Type 'ContractResult<undefined>' is not assignable to type 'ContractResult<DiagnosticInfo>'.
  Type 'undefined' is not assignable to type 'DiagnosticInfo'.
src/seams.ts(560,7): error TS2322: Type 'ContractResult<undefined>' is not assignable to type 'ContractResult<DiagnosticInfo>'.
  Type 'undefined' is not assignable to type 'DiagnosticInfo'.
src/seams.ts(607,7): error TS2322: Type 'ContractResult<undefined>' is not assignable to type 'ContractResult<ServerConfig>'.
  Type 'undefined' is not assignable to type 'ServerConfig'.
src/seams.ts(615,7): error TS2322: Type 'ContractResult<undefined>' is not assignable to type 'ContractResult<ServerConfig>'.
  Type 'undefined' is not assignable to type 'ServerConfig'.
src/seams.ts(637,7): error TS2322: Type 'ContractResult<undefined>' is not assignable to type 'ContractResult<boolean>'.
  Type 'undefined' is not assignable to type 'boolean'.
src/seams.ts(645,7): error TS2322: Type 'ContractResult<undefined>' is not assignable to type 'ContractResult<boolean>'.
  Type 'undefined' is not assignable to type 'boolean'.
src/seams.ts(694,9): error TS2322: Type 'string | undefined' is not assignable to type 'SDDError | undefined'.
  Type 'string' is not assignable to type 'SDDError'.
src/seams.ts(704,9): error TS2322: Type 'string' is not assignable to type 'SDDError'.
src/seams.ts(730,11): error TS2322: Type 'string' is not assignable to type 'SDDError'.
src/seams.ts(731,11): error TS2741: Property 'agentId' is missing in type '{ seamName: string; timestamp: string; }' but required in type '{ [key: string]: any; agentId: string; timestamp: string; requestId?: string | undefined; processingTimeMs?: number | undefined; seamName?: string | undefined; }'.
src/seams.ts(738,11): error TS2322: Type 'string' is not assignable to type 'SDDError'.
src/seams.ts(739,11): error TS2741: Property 'agentId' is missing in type '{ seamName: string; timestamp: string; }' but required in type '{ [key: string]: any; agentId: string; timestamp: string; requestId?: string | undefined; processingTimeMs?: number | undefined; seamName?: string | undefined; }'.
src/seams.ts(756,47): error TS2554: Expected 2 arguments, but got 1.
src/seams.ts(761,46): error TS2554: Expected 2 arguments, but got 1.
src/seams.ts(764,49): error TS2554: Expected 3 arguments, but got 1.
src/seams.ts(776,9): error TS2741: Property 'agentId' is missing in type '{ seamName: "Validation" | "MCPProtocol" | "SDDFunction" | "TemplateProcessing" | "ErrorHandling" | "Configuration"; timestamp: string; executionTime: number; }' but required in type '{ [key: string]: any; agentId: string; timestamp: string; requestId?: string | undefined; processingTimeMs?: number | undefined; seamName?: string | undefined; }'.
src/seams.ts(785,9): error TS2322: Type 'string' is not assignable to type 'SDDError'.
src/seams.ts(789,9): error TS2741: Property 'agentId' is missing in type '{ seamName: string; timestamp: string; retries: number; timeout: number; }' but required in type '{ [key: string]: any; agentId: string; timestamp: string; requestId?: string | undefined; processingTimeMs?: number | undefined; seamName?: string | undefined; }'.
src/tests/seam-integration.test.ts(22,11): error TS2322: Type 'string' is not assignable to type 'SDDError'.
src/tests/seam-integration.test.ts(34,11): error TS2322: Type 'string' is not assignable to type 'SDDError'.
src/tests/seam-integration.test.ts(44,9): error TS2353: Object literal may only specify known properties, and 'agentId' does not exist in type 'ContractResult<string>'.
src/tests/seam-integration.test.ts(50,9): error TS2322: Type 'string' is not assignable to type 'SDDError'.
src/tests/seam-integration.test.ts(102,9): error TS2353: Object literal may only specify known properties, and 'agentId' does not exist in type 'ContractResult<string>'.
src/tests/seam-integration.test.ts(108,9): error TS2322: Type 'string' is not assignable to type 'SDDError'.
src/tests/seam-integration.test.ts(147,9): error TS2353: Object literal may only specify known properties, and 'agentId' does not exist in type 'ContractResult<string>'.
src/tests/seam-integration.test.ts(153,9): error TS2322: Type 'string' is not assignable to type 'SDDError'.
src/tests/seam-integration.test.ts(187,9): error TS2353: Object literal may only specify known properties, and 'agentId' does not exist in type 'ContractResult<string>'.
src/tests/seam-integration.test.ts(193,9): error TS2322: Type 'string' is not assignable to type 'SDDError'.
src/tests/seam-integration.test.ts(232,9): error TS2353: Object literal may only specify known properties, and 'agentId' does not exist in type 'ContractResult<string>'.
src/tests/seam-integration.test.ts(238,9): error TS2322: Type 'string' is not assignable to type 'SDDError'.
src/tests/seam-integration.test.ts(272,9): error TS2353: Object literal may only specify known properties, and 'agentId' does not exist in type 'ContractResult<string>'.
src/tests/seam-integration.test.ts(278,9): error TS2322: Type 'string' is not assignable to type 'SDDError'.
src/tests/seam-integration.test.ts(338,9): error TS2322: Type 'string | undefined' is not assignable to type 'SDDError | undefined'.
  Type 'string' is not assignable to type 'SDDError'.
src/tests/seam-integration.test.ts(348,9): error TS2322: Type 'string' is not assignable to type 'SDDError'.
src/tools/analyze-data-flows-tool.ts(106,12): error TS2352: Conversion of type 'ContractResult<{ seamDefinitions: { name: string; dataFlow: "IN" | "OUT" | "BOTH"; source: string; target: string; inputType?: string | undefined; outputType?: string | undefined; }[]; performanceRequirements?: { ...; } | undefined; includeOptimizations?: boolean | undefined; analyzeBottlenecks?: boolean | undefined...' to type 'ContractResult<DataFlowAnalysis>' may be a mistake because neither type sufficiently overlaps with the other. If this was intentional, convert the expression to 'unknown' first.
  Type '{ seamDefinitions: { name: string; dataFlow: "IN" | "OUT" | "BOTH"; source: string; target: string; inputType?: string | undefined; outputType?: string | undefined; }[]; performanceRequirements?: { ...; } | undefined; includeOptimizations?: boolean | undefined; analyzeBottlenecks?: boolean | undefined; }' is missing the following properties from type 'DataFlowAnalysis': flows, dataTypes, transformations, bottlenecks, metadata
src/tools/enhanced-seam-analysis-tool.ts(86,12): error TS2352: Conversion of type 'ContractResult<{ requirementsText: string; designNotes?: string | undefined; analysisDepth?: "basic" | "detailed" | "comprehensive" | undefined; focusAreas?: ("data_flows" | "integrations" | "dependencies" | "cross_cutting_concerns")[] | undefined; }>' to type 'ContractResult<EnhancedSeamAnalysis>' may be a mistake because neither type sufficiently overlaps with the other. If this was intentional, convert the expression to 'unknown' first.
  Type '{ requirementsText: string; designNotes?: string | undefined; analysisDepth?: "basic" | "detailed" | "comprehensive" | undefined; focusAreas?: ("data_flows" | "integrations" | "dependencies" | "cross_cutting_concerns")[] | undefined; }' is missing the following properties from type 'EnhancedSeamAnalysis': identifiedSeams, componentInteractions, dataFlows, crossCuttingConcerns, analysisMetadata
src/tools/generate-interaction-matrix-tool.ts(105,12): error TS2352: Conversion of type 'ContractResult<{ components: { name: string; type: string; purpose: string; dependencies?: string[] | undefined; }[]; seamDefinitions?: { name: string; participants: string[]; dataFlow: "IN" | "OUT" | "BOTH"; purpose: string; }[] | undefined; analysisScope?: "full" | ... 2 more ... | undefined; includeMetrics?: bool...' to type 'ContractResult<InteractionMatrix>' may be a mistake because neither type sufficiently overlaps with the other. If this was intentional, convert the expression to 'unknown' first.
  Type '{ components: { name: string; type: string; purpose: string; dependencies?: string[] | undefined; }[]; seamDefinitions?: { name: string; participants: string[]; dataFlow: "IN" | "OUT" | "BOTH"; purpose: string; }[] | undefined; analysisScope?: "full" | ... 2 more ... | undefined; includeMetrics?: boolean | undefined...' is missing the following properties from type 'InteractionMatrix': matrix, criticalPaths, isolatedComponents, metadata
src/tools/validate-seam-readiness-tool.ts(98,12): error TS2352: Conversion of type 'ContractResult<{ seamDefinitions: { name: string; description: string; sourceComponent: string; targetComponent: string; inputType?: string | undefined; outputType?: string | undefined; errorScenarios?: string[] | undefined; }[]; validationLevel?: "basic" | ... 2 more ... | undefined; strictMode?: boolean | undefine...' to type 'ContractResult<SeamValidationResult>' may be a mistake because neither type sufficiently overlaps with the other. If this was intentional, convert the expression to 'unknown' first.
  Type '{ seamDefinitions: { name: string; description: string; sourceComponent: string; targetComponent: string; inputType?: string | undefined; outputType?: string | undefined; errorScenarios?: string[] | undefined; }[]; validationLevel?: "basic" | ... 2 more ... | undefined; strictMode?: boolean | undefined; checkDepende...' is missing the following properties from type 'SeamValidationResult': validSeams, invalidSeams, recommendations, complianceScore
